11:50:26 WARNING   The naima package is not available. Models that depend on   functions.py:43
                  it will not be available                                                    
         WARNING   The GSL library or the pygsl wrapper cannot be loaded.      functions.py:65
                  Models that depend on it will not be available.                             
11:50:27 WARNING   The ebltable package is not available. Models that depend  absorption.py:33
                  on it will not be available                                                 
11:50:28 INFO      Starting 3ML!                                                __init__.py:44
         WARNING   WARNINGs here are NOT errors                                 __init__.py:45
         WARNING   but are inform you about optional packages that can be       __init__.py:46
                  installed                                                                   
         WARNING    to disable these messages, turn off start_warning in your   __init__.py:47
                  config file                                                                 
         WARNING   no display variable set. using backend for graphics without  __init__.py:53
                  display (agg)                                                               
         WARNING   ROOT minimizer not available                           minimization.py:1208
         WARNING   Multinest minimizer not available                      minimization.py:1218
         WARNING   PyGMO is not available                                 minimization.py:1228
         WARNING   Could not import plugin FermiLATLike.py. Do you have the    __init__.py:126
                  relative instrument software installed and configured?                      
11:50:29 WARNING   No fermitools installed                         lat_transient_builder.py:44
         WARNING   Env. variable OMP_NUM_THREADS is not set. Please set it to  __init__.py:335
                  1 for optimal performances in 3ML                                           
         WARNING   Env. variable MKL_NUM_THREADS is not set. Please set it to  __init__.py:335
                  1 for optimal performances in 3ML                                           
         WARNING   Env. variable NUMEXPR_NUM_THREADS is not set. Please set it __init__.py:335
                  to 1 for optimal performances in 3ML                                        
Found 52800 sources at /shared/emsoft_training_longlow
Opening detector response and background model...

WARNING NumbaWarning: [1mThe TBB threading layer requires TBB version 2021 update 6 or later i.e., TBB_INTERFACE_VERSION >= 12060. Found TBB_INTERFACE_VERSION = 12050. The TBB threading layer is disabled.[0m

Traceback (most recent call last):
  File "/home/daisy/GRB-Search-Pipeline/cosipy/cosipy/ts_map/map_adapt_transients.py", line 347, in <module>
    m_llrs, m_pix = mapper.fit_unbinned(ts, te, events, bkg_model_scaled,
                    ^^^^^^^^^^^^^^^^^^^^^^^^^^^^^^^^^^^^^^^^^^^^^^^^^^^^^
  File "/home/daisy/GRB-Search-Pipeline/cosipy/cosipy/ts_map/moc_ts_fit.py", line 371, in fit_unbinned
    self._fit_one_direction(source,
  File "/home/daisy/GRB-Search-Pipeline/cosipy/cosipy/ts_map/fast_ts_fit.py", line 225, in _fit_one_direction
    lon   = np.arctan2(y, x)
            ^^^^^^^^^^^^^^^^
KeyboardInterrupt
