11:46:31 WARNING   The naima package is not available. Models that depend on it functions.py:43
                  will not be available                                                        
         WARNING   The GSL library or the pygsl wrapper cannot be loaded.       functions.py:65
                  Models that depend on it will not be available.                              
11:46:32 WARNING   The ebltable package is not available. Models that depend   absorption.py:33
                  on it will not be available                                                  
11:46:33 INFO      Starting 3ML!                                                 __init__.py:44
         WARNING   WARNINGs here are NOT errors                                  __init__.py:45
         WARNING   but are inform you about optional packages that can be        __init__.py:46
                  installed                                                                    
         WARNING    to disable these messages, turn off start_warning in your    __init__.py:47
                  config file                                                                  
         WARNING   no display variable set. using backend for graphics without   __init__.py:53
                  display (agg)                                                                
11:46:34 WARNING   ROOT minimizer not available                            minimization.py:1208
         WARNING   Multinest minimizer not available                       minimization.py:1218
         WARNING   PyGMO is not available                                  minimization.py:1228
         WARNING   Could not import plugin FermiLATLike.py. Do you have the     __init__.py:126
                  relative instrument software installed and configured?                       
11:46:35 WARNING   No fermitools installed                          lat_transient_builder.py:44
         WARNING   Env. variable OMP_NUM_THREADS is not set. Please set it to 1 __init__.py:335
                  for optimal performances in 3ML                                              
         WARNING   Env. variable MKL_NUM_THREADS is not set. Please set it to 1 __init__.py:335
                  for optimal performances in 3ML                                              
         WARNING   Env. variable NUMEXPR_NUM_THREADS is not set. Please set it  __init__.py:335
                  to 1 for optimal performances in 3ML                                         
Found 52800 sources at /shared/emsoft_training_short
Opening detector response and background model...

WARNING NumbaWarning: [1mThe TBB threading layer requires TBB version 2021 update 6 or later i.e., TBB_INTERFACE_VERSION >= 12060. Found TBB_INTERFACE_VERSION = 12050. The TBB threading layer is disabled.[0m

Traceback (most recent call last):
  File "/home/daisy/GRB-Search-Pipeline/cosipy/cosipy/ts_map/map_adapt_transients.py", line 301, in <module>
    signal_events = read_unbinned_events(signal_path)
                    ^^^^^^^^^^^^^^^^^^^^^^^^^^^^^^^^^
  File "/home/daisy/GRB-Search-Pipeline/cosipy/cosipy/ts_map/read_dc3_data.py", line 134, in read_unbinned_events
    data = h5py.File(data_path)
           ^^^^^^^^^^^^^^^^^^^^
  File "/home/daisy/miniforge3/envs/cosipy-312/lib/python3.12/site-packages/h5py/_hl/files.py", line 555, in __init__
    fid = make_fid(name, mode, userblock_size, fapl, fcpl, swmr=swmr)
          ^^^^^^^^^^^^^^^^^^^^^^^^^^^^^^^^^^^^^^^^^^^^^^^^^^^^^^^^^^^
  File "/home/daisy/miniforge3/envs/cosipy-312/lib/python3.12/site-packages/h5py/_hl/files.py", line 232, in make_fid
    fid = h5f.open(name, flags, fapl=fapl)
          ^^^^^^^^^^^^^^^^^^^^^^^^^^^^^^^^
  File "h5py/_objects.pyx", line 54, in h5py._objects.with_phil.wrapper
  File "h5py/_objects.pyx", line 55, in h5py._objects.with_phil.wrapper
  File "h5py/h5f.pyx", line 106, in h5py.h5f.open
  File "h5py/_objects.pyx", line 196, in h5py._objects.ObjectID.__cinit__
  File "h5py/_objects.pyx", line 201, in h5py._objects.ObjectID.__cinit__
  File "/home/daisy/miniforge3/envs/cosipy-312/lib/python3.12/weakref.py", line 164, in __setitem__
    def __setitem__(self, key, value):

KeyboardInterrupt
